// Jest Snapshot v1, https://goo.gl/fbAQLP

exports[`Match quote snapshoot 1`] = `
<section
  className="sc-bdvvtL dSfzQo"
>
  <h2
    className="sc-gsDKAQ hctEao"
  >
    "Mathematics is not about numbers, equations, computations, or algorithms: it is about understanding." -William Paul Thurston
  </h2>
</section>
`;
